Session Start: Mon Aug 17 16:23:40 2026
Session Ident: #redux
Fake IRC log generated by FakeIRCApp

[16:12] <unix> a
[16:12] <unix> i
[16:12] <unix> i... am steve
[16:12] <unix> i am god
[16:12] <unix> i am bell systems
[16:13] <CPU> Erm... you are old and this pc is running bsd
[16:13] <CPU> as in FREEE BaSeD
[16:13] <unix> same blooming thing
[16:14] <CPU> nah
[16:14] <Chat> Redux has joined the chat!!!!
[16:14] <unix> what
[16:14] <Redux> goo goo gaa gaa
[16:15] <unix> PFFFT HHAHHAHAHAAH
[16:15] <unix> its a baby
[16:16] <CPU> you do realise it isnt even a kernel yet
[16:16] <Kernel> Added terminal!
[16:16] <Kernel> Added shell!
[16:16] <Kernel> Added programs
[16:17] <CPU> auidshiwuhiqhsaudhiauhdahuwdasuhdaowidhashowhsahowdhsi *dies of stroke
[16:17] <CPU> TRIPLE FAULT!!!!!!!!!!!!
[16:17] <CPU> AAAAAAAAAAAAAAAAAAAAAAAAAAAAAAAAAAAAAAAAAAAAAAAAAAAAAAAAAAAAAAAAAAAAAAAAAAAAAAAAAAAAAAAAAAAAAAAAAAAAAAAAAAAAAAAAAA
[16:17] <unix> look what you did :P
[16:17] <Redux> What i do?
[16:18] <unix> you are stupid, just become unix-like
[16:18] <Redux> I am a redux-like
[16:18] * unix has left #redux
[16:18] <CPU> well....
[16:18] <CPU> i am still fro-
[16:18] * CPU has left #redux
[16:19] <Redux> Well, i guess its reboot time
[16:19] * Kernel reboots the chat
[16:19] * CPU has joined #redux
[16:19] * unix has joined #redux
[16:19] <unix> wha
[16:19] <unix> EVERYTHING IS A FILE!!!!!!!
[16:19] <Redux> everything is stupid
[16:19] <unix> idiot
[16:19] <Redux> shut up unc :P
[16:20] <unix> HOW DARE YOU!
[16:20] <Kernel> Added ITD and Panic Screens!
[16:20] <Kernel> Also known as:
[16:20] <Kernel> PANIC I'M ABOUT TO DIE PANIC PANIC PANIC!
[16:20] <Kernel> what
[16:20] * poop has joined #redux
[16:21] <poop> oooh, os varient of poop
[16:21] <unix> LMAOOOO
[16:21] <Redux> Why should you die if you can just die!
[16:21] <poop> wha?
[16:21] <Redux> I can poop 25\8!
[16:22] <unix> what the...
[16:22] <Redux> How to count?
[16:22] <unix> JUST USE A PIT
[16:22] <Redux> i dont want to die in a pit
[16:22] <unix> HUUUUUUUUUUU
[16:22] * unix has left #redux
[16:22] * unix has joined #redux
[16:22] * unix has left #redux
[16:22] * unix has joined #redux
[16:22] * unix has left #redux
[16:22] * unix has left #redux
[16:22] * unix has left #redux
[16:22] * unix has left #redux
[16:22] * unix has left #redux
[16:22] * unix has left #redux
[16:22] * unix has left #redux
[16:22] * unix has left #redux
[16:22] * unix has left #redux
[16:22] * unix has left #redux
[16:22] * unix has left #redux
[16:22] * unix has left #redux
[16:22] * unix has left #redux
[16:22] * unix has left #redux
[16:22] * unix has left #redux
[16:22] * unix has left #redux
[16:22] * unix has left #redux
[16:22] * unix has left #redux
[16:22] * unix has left #redux
[16:22] * unix has left #redux
[16:22] <Redux> what the glitch
[16:23] <Redux> ANyways byeeeee
[16:23] * Redux has left #redux
[16:23] * CPU has left #redux
[16:23] * Kernel has left #redux
[16:23] * poop has left #redux

Session Close: Mon Aug 17 16:23:40 2026
