Session Start: Wed Aug 19 15:21:20 2026
Session Ident: #redux
Fake IRC log generated by FakeIRCApp

[15:13] <Redux> hey guys i finally learned how to count!
[15:13] <Unix> what.. you finaly took my advice and used a pit?
[15:14] <Kernel> Actually, he added a one-shot APIC timer and callibrated it with ACPI PM time
[15:14] <Kernel> :p
[15:14] <CPU> works for me
[15:14] <Unix> WHAT THE HECK HAPPEND TO THE PIT
[15:14] <Redux> it died
[15:14] <Redux> in a pit
[15:14] <Unix> .
[15:14] <Unix> ..
[15:14] <Unix> ...
[15:14] <Unix> what
[15:15] <CPU> anyways i want to see redux count :P
[15:15] <Unix> so do i
[15:15] <Redux> ok
[15:15] <Redux> here goes
[15:15] <Redux> 1...
[15:15] <Redux> 2...
[15:15] <Redux> thenumbervalveshallnevername
[15:15] <Redux> ...
[15:15] <CPU> thats not how counting works
[15:16] * Redux says 4 while removing the french lang pack on unix (sudo rm-fr \)
[15:16] <Unix> wha
[15:16] <Unix> ASAGSYGSAYDGUASYGDYAGDUSAYDGAUYGWYDGASUWYGDSAUYWGDUSAYDGWUDG
[15:16] * Unix dies
[15:16] * Unix looses his file system
[15:16] * Unix feels like he's about to barf
[15:16] * Unix no longer exists
[15:16] * Unix has left #redux
[15:17] <Redux> 5!
[15:17] <CPU> what the....
[15:17] <CPU> you didnt count right
[15:17] <CPU> and did you kill unix
[15:17] <Redux> he was an unc who died in a pit
[15:17] <CPU> I COME FROM A FAMILY THATS OLDER
[15:17] <CPU> !!!
[15:18] <Redux> and your exact model came out in 2020!
[15:18] <CPU> fair point
[15:18] <Kernel> Attempted to add Ring 3!
[15:18] <CPU> wha..
[15:18] <CPU> #PF
[15:18] * Kernel PANIC!
[15:18] * Kernel PANICS HIS PANTS
[15:19] * Redux shows the kernel panic screen
[15:19] <Redux> what the
[15:19] <Redux> AAAAAAAAAAAAAAAAAAAAAAAAAAAAAAAAAAAAAAAAAAAAAAAAAAAAAAAAAAAAAAAAAAAAAAAAAAAAAAAAAAA
[15:19] <CPU> this is why no one makes an os...
[15:19] <Kernel> I like licking the bare metal
[15:19] <Kernel> !!!
[15:19] <Redux> ok i need to say that is actually weird
[15:19] <CPU> for once i agree
[15:20] * Unix becomes a ghost
[15:20] <Unix> I agree too, for once
[15:20] * Unix gets sucked up by the vacum cleaner while screaming AHHHHH
[15:20] <CPU> anyways bye!
[15:20] * CPU has left #redux
[15:20] * Redux has left #redux
[15:20] * Kernel has left #redux

Session Close: Wed Aug 19 15:21:20 2026
